stm32g0xx_ll_crc.h:173:22:LL_CRC_SetPolynomialSize	16	static
stm32g0xx_ll_crc.h:204:22:LL_CRC_SetInputDataReverseMode	16	static
stm32g0xx_ll_crc.h:233:22:LL_CRC_SetOutputDataReverseMode	16	static
stm32g0xx_ll_crc.h:261:22:LL_CRC_SetInitialData	16	static
stm32g0xx_ll_crc.h:291:22:LL_CRC_SetPolynomialCoef	16	static
stm32g0xx_ll_bus.h:252:22:LL_AHB1_GRP1_EnableClock	24	static
main.c:109:5:main	96	static
main.c:321:6:SystemClock_Config	88	static
main.c:374:13:MX_ADC1_Init	24	static
main.c:435:13:MX_CRC_Init	8	static
main.c:464:13:MX_I2C1_Init	8	static
main.c:512:13:MX_RTC_Init	32	static
main.c:585:13:MX_TIM1_Init	40	static
main.c:632:13:MX_TIM2_Init	40	static
main.c:677:13:MX_TIM3_Init	40	static
main.c:722:13:MX_USART2_UART_Init	8	static
main.c:770:13:MX_GPIO_Init	48	static
main.c:854:6:LPsleep	8	static
main.c:866:6:LPwakeUp	8	static
main.c:880:6:Error_Handler	8	static,ignoring_inline_asm
